// Jest Snapshot v1, https://goo.gl/fbAQLP

exports[`SecondaryButtonコンポーネントのテスト ボタン名が表示される 1`] = `ShallowWrapper {}`;
